// Jest Snapshot v1, https://goo.gl/fbAQLP

exports[`<CourseList /> component contains child componenets renders the CourseList component 1`] = `
ReactWrapper {
  Symbol(enzyme.__unrendered__): null,
  Symbol(enzyme.__renderer__): Object {
    "batchedUpdates": [Function],
    "getNode": [Function],
    "render": [Function],
    "simulateError": [Function],
    "simulateEvent": [Function],
    "unmount": [Function],
  },
  Symbol(enzyme.__root__): ReactWrapper {
    Symbol(enzyme.__unrendered__): <CourseList
      courses={Array []}
    />,
    Symbol(enzyme.__renderer__): Object {
      "batchedUpdates": [Function],
      "getNode": [Function],
      "render": [Function],
      "simulateError": [Function],
      "simulateEvent": [Function],
      "unmount": [Function],
    },
    Symbol(enzyme.__root__): [Circular],
    Symbol(enzyme.__node__): Object {
      "instance": null,
      "key": undefined,
      "nodeType": "function",
      "props": Object {
        "courses": Array [],
      },
      "ref": null,
      "rendered": Object {
        "instance": <table
          class="table"
        >
          <thead>
            <tr>
              <th>
                 
              </th>
              <th>
                Title
              </th>
              <th>
                Author
              </th>
              <th>
                Category
              </th>
              <th>
                Length
              </th>
            </tr>
          </thead>
          <tbody />
        </table>,
        "key": undefined,
        "nodeType": "host",
        "props": Object {
          "children": Array [
            <thead>
              <tr>
                <th>
                   
                </th>
                <th>
                  Title
                </th>
                <th>
                  Author
                </th>
                <th>
                  Category
                </th>
                <th>
                  Length
                </th>
              </tr>
            </thead>,
            <tbody />,
          ],
          "className": "table",
        },
        "ref": null,
        "rendered": Array [
          Object {
            "instance": <thead>
              <tr>
                <th>
                   
                </th>
                <th>
                  Title
                </th>
                <th>
                  Author
                </th>
                <th>
                  Category
                </th>
                <th>
                  Length
                </th>
              </tr>
            </thead>,
            "key": undefined,
            "nodeType": "host",
            "props": Object {
              "children": <tr>
                <th>
                   
                </th>
                <th>
                  Title
                </th>
                <th>
                  Author
                </th>
                <th>
                  Category
                </th>
                <th>
                  Length
                </th>
              </tr>,
            },
            "ref": null,
            "rendered": Array [
              Object {
                "instance": <tr>
                  <th>
                     
                  </th>
                  <th>
                    Title
                  </th>
                  <th>
                    Author
                  </th>
                  <th>
                    Category
                  </th>
                  <th>
                    Length
                  </th>
                </tr>,
                "key": undefined,
                "nodeType": "host",
                "props": Object {
                  "children": Array [
                    <th>
                       
                    </th>,
                    <th>
                      Title
                    </th>,
                    <th>
                      Author
                    </th>,
                    <th>
                      Category
                    </th>,
                    <th>
                      Length
                    </th>,
                  ],
                },
                "ref": null,
                "rendered": Array [
                  Object {
                    "instance": <th>
                       
                    </th>,
                    "key": undefined,
                    "nodeType": "host",
                    "props": Object {
                      "children": " ",
                    },
                    "ref": null,
                    "rendered": Array [
                      " ",
                    ],
                    "type": "th",
                  },
                  Object {
                    "instance": <th>
                      Title
                    </th>,
                    "key": undefined,
                    "nodeType": "host",
                    "props": Object {
                      "children": "Title",
                    },
                    "ref": null,
                    "rendered": Array [
                      "Title",
                    ],
                    "type": "th",
                  },
                  Object {
                    "instance": <th>
                      Author
                    </th>,
                    "key": undefined,
                    "nodeType": "host",
                    "props": Object {
                      "children": "Author",
                    },
                    "ref": null,
                    "rendered": Array [
                      "Author",
                    ],
                    "type": "th",
                  },
                  Object {
                    "instance": <th>
                      Category
                    </th>,
                    "key": undefined,
                    "nodeType": "host",
                    "props": Object {
                      "children": "Category",
                    },
                    "ref": null,
                    "rendered": Array [
                      "Category",
                    ],
                    "type": "th",
                  },
                  Object {
                    "instance": <th>
                      Length
                    </th>,
                    "key": undefined,
                    "nodeType": "host",
                    "props": Object {
                      "children": "Length",
                    },
                    "ref": null,
                    "rendered": Array [
                      "Length",
                    ],
                    "type": "th",
                  },
                ],
                "type": "tr",
              },
            ],
            "type": "thead",
          },
          Object {
            "instance": <tbody />,
            "key": undefined,
            "nodeType": "host",
            "props": Object {
              "children": Array [],
            },
            "ref": null,
            "rendered": Array [
              Array [],
            ],
            "type": "tbody",
          },
        ],
        "type": "table",
      },
      "type": [Function],
    },
    Symbol(enzyme.__nodes__): Array [
      Object {
        "instance": null,
        "key": undefined,
        "nodeType": "function",
        "props": Object {
          "courses": Array [],
        },
        "ref": null,
        "rendered": Object {
          "instance": <table
            class="table"
          >
            <thead>
              <tr>
                <th>
                   
                </th>
                <th>
                  Title
                </th>
                <th>
                  Author
                </th>
                <th>
                  Category
                </th>
                <th>
                  Length
                </th>
              </tr>
            </thead>
            <tbody />
          </table>,
          "key": undefined,
          "nodeType": "host",
          "props": Object {
            "children": Array [
              <thead>
                <tr>
                  <th>
                     
                  </th>
                  <th>
                    Title
                  </th>
                  <th>
                    Author
                  </th>
                  <th>
                    Category
                  </th>
                  <th>
                    Length
                  </th>
                </tr>
              </thead>,
              <tbody />,
            ],
            "className": "table",
          },
          "ref": null,
          "rendered": Array [
            Object {
              "instance": <thead>
                <tr>
                  <th>
                     
                  </th>
                  <th>
                    Title
                  </th>
                  <th>
                    Author
                  </th>
                  <th>
                    Category
                  </th>
                  <th>
                    Length
                  </th>
                </tr>
              </thead>,
              "key": undefined,
              "nodeType": "host",
              "props": Object {
                "children": <tr>
                  <th>
                     
                  </th>
                  <th>
                    Title
                  </th>
                  <th>
                    Author
                  </th>
                  <th>
                    Category
                  </th>
                  <th>
                    Length
                  </th>
                </tr>,
              },
              "ref": null,
              "rendered": Array [
                Object {
                  "instance": <tr>
                    <th>
                       
                    </th>
                    <th>
                      Title
                    </th>
                    <th>
                      Author
                    </th>
                    <th>
                      Category
                    </th>
                    <th>
                      Length
                    </th>
                  </tr>,
                  "key": undefined,
                  "nodeType": "host",
                  "props": Object {
                    "children": Array [
                      <th>
                         
                      </th>,
                      <th>
                        Title
                      </th>,
                      <th>
                        Author
                      </th>,
                      <th>
                        Category
                      </th>,
                      <th>
                        Length
                      </th>,
                    ],
                  },
                  "ref": null,
                  "rendered": Array [
                    Object {
                      "instance": <th>
                         
                      </th>,
                      "key": undefined,
                      "nodeType": "host",
                      "props": Object {
                        "children": " ",
                      },
                      "ref": null,
                      "rendered": Array [
                        " ",
                      ],
                      "type": "th",
                    },
                    Object {
                      "instance": <th>
                        Title
                      </th>,
                      "key": undefined,
                      "nodeType": "host",
                      "props": Object {
                        "children": "Title",
                      },
                      "ref": null,
                      "rendered": Array [
                        "Title",
                      ],
                      "type": "th",
                    },
                    Object {
                      "instance": <th>
                        Author
                      </th>,
                      "key": undefined,
                      "nodeType": "host",
                      "props": Object {
                        "children": "Author",
                      },
                      "ref": null,
                      "rendered": Array [
                        "Author",
                      ],
                      "type": "th",
                    },
                    Object {
                      "instance": <th>
                        Category
                      </th>,
                      "key": undefined,
                      "nodeType": "host",
                      "props": Object {
                        "children": "Category",
                      },
                      "ref": null,
                      "rendered": Array [
                        "Category",
                      ],
                      "type": "th",
                    },
                    Object {
                      "instance": <th>
                        Length
                      </th>,
                      "key": undefined,
                      "nodeType": "host",
                      "props": Object {
                        "children": "Length",
                      },
                      "ref": null,
                      "rendered": Array [
                        "Length",
                      ],
                      "type": "th",
                    },
                  ],
                  "type": "tr",
                },
              ],
              "type": "thead",
            },
            Object {
              "instance": <tbody />,
              "key": undefined,
              "nodeType": "host",
              "props": Object {
                "children": Array [],
              },
              "ref": null,
              "rendered": Array [
                Array [],
              ],
              "type": "tbody",
            },
          ],
          "type": "table",
        },
        "type": [Function],
      },
    ],
    Symbol(enzyme.__options__): Object {
      "adapter": ReactSixteenAdapter {
        "options": Object {
          "enableComponentDidUpdateOnSetState": true,
          "lifecycles": Object {
            "componentDidUpdate": Object {
              "onSetState": true,
            },
            "getDerivedStateFromProps": true,
            "getSnapshotBeforeUpdate": true,
            "setState": Object {
              "skipsComponentDidUpdateOnNullish": true,
            },
          },
        },
      },
    },
  },
  Symbol(enzyme.__node__): undefined,
  Symbol(enzyme.__nodes__): Array [],
  Symbol(enzyme.__rootNodes__): Array [
    Object {
      "instance": null,
      "key": undefined,
      "nodeType": "function",
      "props": Object {
        "courses": Array [],
      },
      "ref": null,
      "rendered": Object {
        "instance": <table
          class="table"
        >
          <thead>
            <tr>
              <th>
                 
              </th>
              <th>
                Title
              </th>
              <th>
                Author
              </th>
              <th>
                Category
              </th>
              <th>
                Length
              </th>
            </tr>
          </thead>
          <tbody />
        </table>,
        "key": undefined,
        "nodeType": "host",
        "props": Object {
          "children": Array [
            <thead>
              <tr>
                <th>
                   
                </th>
                <th>
                  Title
                </th>
                <th>
                  Author
                </th>
                <th>
                  Category
                </th>
                <th>
                  Length
                </th>
              </tr>
            </thead>,
            <tbody />,
          ],
          "className": "table",
        },
        "ref": null,
        "rendered": Array [
          Object {
            "instance": <thead>
              <tr>
                <th>
                   
                </th>
                <th>
                  Title
                </th>
                <th>
                  Author
                </th>
                <th>
                  Category
                </th>
                <th>
                  Length
                </th>
              </tr>
            </thead>,
            "key": undefined,
            "nodeType": "host",
            "props": Object {
              "children": <tr>
                <th>
                   
                </th>
                <th>
                  Title
                </th>
                <th>
                  Author
                </th>
                <th>
                  Category
                </th>
                <th>
                  Length
                </th>
              </tr>,
            },
            "ref": null,
            "rendered": Array [
              Object {
                "instance": <tr>
                  <th>
                     
                  </th>
                  <th>
                    Title
                  </th>
                  <th>
                    Author
                  </th>
                  <th>
                    Category
                  </th>
                  <th>
                    Length
                  </th>
                </tr>,
                "key": undefined,
                "nodeType": "host",
                "props": Object {
                  "children": Array [
                    <th>
                       
                    </th>,
                    <th>
                      Title
                    </th>,
                    <th>
                      Author
                    </th>,
                    <th>
                      Category
                    </th>,
                    <th>
                      Length
                    </th>,
                  ],
                },
                "ref": null,
                "rendered": Array [
                  Object {
                    "instance": <th>
                       
                    </th>,
                    "key": undefined,
                    "nodeType": "host",
                    "props": Object {
                      "children": " ",
                    },
                    "ref": null,
                    "rendered": Array [
                      " ",
                    ],
                    "type": "th",
                  },
                  Object {
                    "instance": <th>
                      Title
                    </th>,
                    "key": undefined,
                    "nodeType": "host",
                    "props": Object {
                      "children": "Title",
                    },
                    "ref": null,
                    "rendered": Array [
                      "Title",
                    ],
                    "type": "th",
                  },
                  Object {
                    "instance": <th>
                      Author
                    </th>,
                    "key": undefined,
                    "nodeType": "host",
                    "props": Object {
                      "children": "Author",
                    },
                    "ref": null,
                    "rendered": Array [
                      "Author",
                    ],
                    "type": "th",
                  },
                  Object {
                    "instance": <th>
                      Category
                    </th>,
                    "key": undefined,
                    "nodeType": "host",
                    "props": Object {
                      "children": "Category",
                    },
                    "ref": null,
                    "rendered": Array [
                      "Category",
                    ],
                    "type": "th",
                  },
                  Object {
                    "instance": <th>
                      Length
                    </th>,
                    "key": undefined,
                    "nodeType": "host",
                    "props": Object {
                      "children": "Length",
                    },
                    "ref": null,
                    "rendered": Array [
                      "Length",
                    ],
                    "type": "th",
                  },
                ],
                "type": "tr",
              },
            ],
            "type": "thead",
          },
          Object {
            "instance": <tbody />,
            "key": undefined,
            "nodeType": "host",
            "props": Object {
              "children": Array [],
            },
            "ref": null,
            "rendered": Array [
              Array [],
            ],
            "type": "tbody",
          },
        ],
        "type": "table",
      },
      "type": [Function],
    },
  ],
  Symbol(enzyme.__options__): Object {
    "adapter": ReactSixteenAdapter {
      "options": Object {
        "enableComponentDidUpdateOnSetState": true,
        "lifecycles": Object {
          "componentDidUpdate": Object {
            "onSetState": true,
          },
          "getDerivedStateFromProps": true,
          "getSnapshotBeforeUpdate": true,
          "setState": Object {
            "skipsComponentDidUpdateOnNullish": true,
          },
        },
      },
    },
  },
}
`;
