// Jest Snapshot v1, https://goo.gl/fbAQLP

exports[`ManageCoursePage Renders the ManageCourse Component 1`] = `
ShallowWrapper {
  Symbol(enzyme.__root__): ShallowWrapper {
    Symbol(enzyme.__root__): [Circular],
    Symbol(enzyme.__unrendered__): <ManageCoursePage
      actions={
        Object {
          "deleteCourse": [Function],
          "saveCourse": [Function],
        }
      }
      allAuthors={Array []}
      authors={Array []}
      course={
        Object {
          "authorId": "",
          "category": "",
          "id": "",
          "length": "",
          "title": "",
          "watchHref": "",
        }
      }
      courses={
        Array [
          Object {
            "authorId": "",
            "category": "",
            "id": "react",
            "length": "",
            "title": "",
            "watchHref": "",
          },
        ]
      }
      errors={Object {}}
      history={
        Object {
          "push": [Function],
        }
      }
      match={
        Object {
          "params": Object {
            "id": "react",
          },
        }
      }
      onChange={[Function]}
      onDelete={[Function]}
      onSave={[Function]}
      options={Array []}
    />,
    Symbol(enzyme.__renderer__): Object {
      "batchedUpdates": [Function],
      "getNode": [Function],
      "render": [Function],
      "simulateError": [Function],
      "simulateEvent": [Function],
      "unmount": [Function],
    },
    Symbol(enzyme.__node__): Object {
      "instance": null,
      "key": undefined,
      "nodeType": "host",
      "props": Object {
        "children": Array [
          <_class
            options={Object {}}
          />,
          <CourseForm
            allAuthors={Array []}
            course={
              Object {
                "authorId": "",
                "category": "",
                "id": "",
                "length": "",
                "title": "",
                "watchHref": "",
              }
            }
            errors={Object {}}
            onChange={[Function]}
            onDelete={[Function]}
            onSave={[Function]}
            saving={false}
          />,
        ],
      },
      "ref": null,
      "rendered": Array [
        Object {
          "instance": null,
          "key": undefined,
          "nodeType": "class",
          "props": Object {
            "options": Object {},
          },
          "ref": null,
          "rendered": null,
          "type": [Function],
        },
        Object {
          "instance": null,
          "key": undefined,
          "nodeType": "function",
          "props": Object {
            "allAuthors": Array [],
            "course": Object {
              "authorId": "",
              "category": "",
              "id": "",
              "length": "",
              "title": "",
              "watchHref": "",
            },
            "errors": Object {},
            "onChange": [Function],
            "onDelete": [Function],
            "onSave": [Function],
            "saving": false,
          },
          "ref": null,
          "rendered": null,
          "type": [Function],
        },
      ],
      "type": "div",
    },
    Symbol(enzyme.__nodes__): Array [
      Object {
        "instance": null,
        "key": undefined,
        "nodeType": "host",
        "props": Object {
          "children": Array [
            <_class
              options={Object {}}
            />,
            <CourseForm
              allAuthors={Array []}
              course={
                Object {
                  "authorId": "",
                  "category": "",
                  "id": "",
                  "length": "",
                  "title": "",
                  "watchHref": "",
                }
              }
              errors={Object {}}
              onChange={[Function]}
              onDelete={[Function]}
              onSave={[Function]}
              saving={false}
            />,
          ],
        },
        "ref": null,
        "rendered": Array [
          Object {
            "instance": null,
            "key": undefined,
            "nodeType": "class",
            "props": Object {
              "options": Object {},
            },
            "ref": null,
            "rendered": null,
            "type": [Function],
          },
          Object {
            "instance": null,
            "key": undefined,
            "nodeType": "function",
            "props": Object {
              "allAuthors": Array [],
              "course": Object {
                "authorId": "",
                "category": "",
                "id": "",
                "length": "",
                "title": "",
                "watchHref": "",
              },
              "errors": Object {},
              "onChange": [Function],
              "onDelete": [Function],
              "onSave": [Function],
              "saving": false,
            },
            "ref": null,
            "rendered": null,
            "type": [Function],
          },
        ],
        "type": "div",
      },
    ],
    Symbol(enzyme.__options__): Object {
      "adapter": ReactSixteenAdapter {
        "options": Object {
          "enableComponentDidUpdateOnSetState": true,
          "lifecycles": Object {
            "componentDidUpdate": Object {
              "onSetState": true,
            },
            "getDerivedStateFromProps": true,
            "getSnapshotBeforeUpdate": true,
            "setState": Object {
              "skipsComponentDidUpdateOnNullish": true,
            },
          },
        },
      },
    },
  },
  Symbol(enzyme.__unrendered__): null,
  Symbol(enzyme.__renderer__): Object {
    "batchedUpdates": [Function],
    "getNode": [Function],
    "render": [Function],
    "simulateError": [Function],
    "simulateEvent": [Function],
    "unmount": [Function],
  },
  Symbol(enzyme.__node__): Object {
    "instance": null,
    "key": undefined,
    "nodeType": "function",
    "props": Object {
      "allAuthors": Array [],
      "course": Object {
        "authorId": "",
        "category": "",
        "id": "",
        "length": "",
        "title": "",
        "watchHref": "",
      },
      "errors": Object {},
      "onChange": [Function],
      "onDelete": [Function],
      "onSave": [Function],
      "saving": false,
    },
    "ref": null,
    "rendered": null,
    "type": [Function],
  },
  Symbol(enzyme.__nodes__): Array [
    Object {
      "instance": null,
      "key": undefined,
      "nodeType": "function",
      "props": Object {
        "allAuthors": Array [],
        "course": Object {
          "authorId": "",
          "category": "",
          "id": "",
          "length": "",
          "title": "",
          "watchHref": "",
        },
        "errors": Object {},
        "onChange": [Function],
        "onDelete": [Function],
        "onSave": [Function],
        "saving": false,
      },
      "ref": null,
      "rendered": null,
      "type": [Function],
    },
  ],
  Symbol(enzyme.__options__): Object {
    "adapter": ReactSixteenAdapter {
      "options": Object {
        "enableComponentDidUpdateOnSetState": true,
        "lifecycles": Object {
          "componentDidUpdate": Object {
            "onSetState": true,
          },
          "getDerivedStateFromProps": true,
          "getSnapshotBeforeUpdate": true,
          "setState": Object {
            "skipsComponentDidUpdateOnNullish": true,
          },
        },
      },
    },
  },
  Symbol(enzyme.__rootNodes__): Array [
    Object {
      "instance": null,
      "key": undefined,
      "nodeType": "host",
      "props": Object {
        "children": Array [
          <_class
            options={Object {}}
          />,
          <CourseForm
            allAuthors={Array []}
            course={
              Object {
                "authorId": "",
                "category": "",
                "id": "",
                "length": "",
                "title": "",
                "watchHref": "",
              }
            }
            errors={Object {}}
            onChange={[Function]}
            onDelete={[Function]}
            onSave={[Function]}
            saving={false}
          />,
        ],
      },
      "ref": null,
      "rendered": Array [
        Object {
          "instance": null,
          "key": undefined,
          "nodeType": "class",
          "props": Object {
            "options": Object {},
          },
          "ref": null,
          "rendered": null,
          "type": [Function],
        },
        Object {
          "instance": null,
          "key": undefined,
          "nodeType": "function",
          "props": Object {
            "allAuthors": Array [],
            "course": Object {
              "authorId": "",
              "category": "",
              "id": "",
              "length": "",
              "title": "",
              "watchHref": "",
            },
            "errors": Object {},
            "onChange": [Function],
            "onDelete": [Function],
            "onSave": [Function],
            "saving": false,
          },
          "ref": null,
          "rendered": null,
          "type": [Function],
        },
      ],
      "type": "div",
    },
  ],
}
`;

exports[`ManageCoursePage mapDispatchToProps 1`] = `Array []`;
